{
    "STARFUSION_WORKFLOW - Homo sapiens - FASTQs minigenome": {
        "content": [
            [
                [
                    {
                        "id": "test_fastqs"
                    },
                    "test_fastqs.starfusion.fusion_predictions.tsv:md5,9ef171925ddc830c35e8334ef1e21fa3"
                ]
            ],
            [
                [
                    {
                        "id": "test_fastqs"
                    },
                    "test_fastqs.Log.final.out:md5,779e14fff42a8da5a345e0cbde6255b3"
                ]
            ],
            [
                [
                    {
                        "id": "test_fastqs"
                    },
                    "test_fastqs.ReadsPerGene.out.tab:md5,8e0d42deeea09924d5c7ba3147bbfd78"
                ]
            ],
            [
                [
                    [
                        
                    ],
                    [
                        
                    ]
                ]
            ],
            [
                [
                    [
                        
                    ],
                    [
                        
                    ],
                    [
                        
                    ]
                ]
            ],
            [
                "versions.yml:md5,0ae8ea35d73f4d6f200daabf231e7fc1",
                "versions.yml:md5,fb9f1593b1864099b16f86e2d24d003d"
            ]
        ],
        "meta": {
            "nf-test": "0.9.2",
            "nextflow": "24.10.2"
        },
        "timestamp": "2024-12-16T19:25:10.373345548"
    }
}