{
    "Should download Ensembl files": {
        "content": [
            "Homo_sapiens.GRCh38.102.gtf",
            "Homo_sapiens.GRCh38.102.dna.primary_assembly.fa",
            "Homo_sapiens.GRCh38.102.chr.gtf",
            [
                "versions.yml:md5,efb55665a151fe2b4d9eac70c0e01bb0"
            ]
        ],
        "meta": {
            "nf-test": "0.9.2",
            "nextflow": "24.10.1"
        },
        "timestamp": "2024-11-26T14:06:24.319131837"
    }
}